[www.thehealthsite.com/index.html]
[backblue.gif]
[fade.gif]
[index.html]
[www.thehealthsite.com/amp/index.html]
[cdn.taboola.com/libtrc/zeemedia-thehealtsite/loader.js]
[www.thehealthsite.com/hindi/index.html]
[www.thehealthsite.com/loadad/index377d.html]
[tags.crwdcntrl.net/lt/c/12383/lt.min.js]
[www.thehealthsite.com/diseases-conditions/index.html]
[www.thehealthsite.com/health-a-z/index.html]
[cdn.izooto.com/scripts/34f06318ef4b8484bd48108eaa28b66867df2770.js]
[www.thehealthsite.com/diseases-conditions/cancer/index.html]
[www.thehealthsite.com/diseases-conditions/type-2-diabetes/index.html]
[www.thehealthsite.com/marathi/index.html]
[www.thehealthsite.com/diseases-conditions/type-1-diabetes/index.html]
[www.thehealthsite.com/list-of-diseases-and-conditions/index.html]
[www.thehealthsite.com/fitness/index.html]
[www.thehealthsite.com/diseases-conditions/pneumonia/index.html]
[www.thehealthsite.com/fitness/weight-training/index.html]
[connect.facebook.net/en_US/sdk.js]
[www.thehealthsite.com/fitness/diet/index.html]
[connect.facebook.net/en_US/sdk/xfbml.customerchat.js]
[www.thehealthsite.com/diseases-conditions/heart-attack/index.html]
[www.thehealthsite.com/pregnancy/index.html]
[www.thehealthsite.com/health-award-2022/index.html]
[www.thehealthsite.com/topics/labour-delivery/index.html]
[www.thehealthsite.com/pregnancy/conceiving/index.html]
[www.thehealthsite.com/pregnancy/infertility/index.html]
[www.instagram.com/static/bundles/metro/EmbedSDK.js/d9addf525b6a.js]
[www.thehealthsite.com/index.html]
[st1.thehealthsite.com/assets/img/favicon.html]
[st1.thehealthsite.com/assets/img/76x76.html]
[st1.thehealthsite.com/assets/img/120x120.html]
[st1.thehealthsite.com/assets/img/152x152.html]
[st1.thehealthsite.com/assets/css/style.min16d6.html]
[www.thehealthsite.com/amp/index.html]
[www.thehealthsite.com/hindi/index.html]
[www.thehealthsite.com/marathi/index.html]
[www.thehealthsite.com/health-a-z/index.html]
[www.thehealthsite.com/diseases-conditions/index.html]
[www.thehealthsite.com/diseases-conditions/type-1-diabetes/index.html]
[www.thehealthsite.com/diseases-conditions/type-2-diabetes/index.html]
[www.thehealthsite.com/diseases-conditions/cancer/index.html]
[www.thehealthsite.com/diseases-conditions/heart-attack/index.html]
[www.thehealthsite.com/diseases-conditions/pneumonia/index.html]
[www.thehealthsite.com/list-of-diseases-and-conditions/index.html]
[www.thehealthsite.com/fitness/index.html]
[www.thehealthsite.com/fitness/weight-training/index.html]
[www.thehealthsite.com/fitness/diet/index.html]
[www.thehealthsite.com/health-award-2022/index.html]
[www.thehealthsite.com/pregnancy/index.html]
[www.thehealthsite.com/pregnancy/conceiving/index.html]
[www.thehealthsite.com/pregnancy/infertility/index.html]
[www.thehealthsite.com/topics/labour-delivery/index.html]
[www.thehealthsite.com/pregnancy/pregnancy-week-by-week-40-weeks-of-your-pregnancy/index.html]
[www.thehealthsite.com/fitness/healthy-recipes/food-for-celebratory-mood-try-some-nutrition-based-delicious-recipes-901197/index.html]
[www.thehealthsite.com/photo-gallery/fitness-tips-to-help-you-ease-your-post-workout-muscle-soreness-676225/index.html]
[www.thehealthsite.com/topics/sore-muscles/index.html]
[www.thehealthsite.com/fitness/healthy-recipes/3-healthy-recipes-you-must-try-this-independence-day-901188/index.html]
[www.thehealthsite.com/fitness/healthy-morning-routine/index.html]
[www.thehealthsite.com/topics/delicious-recipe/index.html]
[www.thehealthsite.com/videos/fitness-boxing-workout-for-beginners-tips-and-tricks-for-boxers-fitness-episode-2-877812/index.html]
[www.thehealthsite.com/topics/fish-and-chips/index.html]
[www.thehealthsite.com/videos/fitness-ranbir-alia-marriage-news-how-is-alia-bhatt-maintaining-her-fitness-admist-wedding-her-fitness-and-workout-secrets-revealed-873938/index.html]
[www.thehealthsite.com/videos/fitness-fat-burning-circuit-training-session-that-you-just-can-not-miss-go-for-it-episode-1-873008/index.html]
[www.thehealthsite.com/videos/fitness-sharmaji-namkeen-actor-exclusive-suhail-nayyars-fitness-routine-for-sharmaji-namkeen-871445/index.html]
[www.thehealthsite.com/topics/alia-bhatt/index.html]
[st1.thehealthsite.com/assets/js/jquery-3.6.0.min.html]
[st1.thehealthsite.com/assets/js/splide.min16d6.html]
[st1.thehealthsite.com/assets/js/custom.min16d6.html]
[st1.thehealthsite.com/assets/js/glider16d6.html]
[connect.facebook.net/en_US/sdk.js]
[connect.facebook.net/en_US/sdk/xfbml.customerchat.js]
[www.thehealthsite.com/photo-gallery/fitness-tips-to-help-you-ease-your-post-workout-muscle-soreness-676225/index.html]
[www.thehealthsite.com/topics/sore-muscles/index.html]
[www.thehealthsite.com/fitness/healthy-morning-routine/index.html]
[www.thehealthsite.com/fitness/healthy-recipes/food-for-celebratory-mood-try-some-nutrition-based-delicious-recipes-901197/index.html]
[www.thehealthsite.com/topics/delicious-recipe/index.html]
[www.thehealthsite.com/fitness/healthy-recipes/3-healthy-recipes-you-must-try-this-independence-day-901188/index.html]
[www.thehealthsite.com/topics/fish-and-chips/index.html]
[www.thehealthsite.com/videos/fitness-boxing-workout-for-beginners-tips-and-tricks-for-boxers-fitness-episode-2-877812/index.html]
[www.thehealthsite.com/videos/fitness-ranbir-alia-marriage-news-how-is-alia-bhatt-maintaining-her-fitness-admist-wedding-her-fitness-and-workout-secrets-revealed-873938/index.html]
[www.thehealthsite.com/topics/alia-bhatt/index.html]
[www.thehealthsite.com/videos/fitness-fat-burning-circuit-training-session-that-you-just-can-not-miss-go-for-it-episode-1-873008/index.html]
[www.thehealthsite.com/videos/fitness-sharmaji-namkeen-actor-exclusive-suhail-nayyars-fitness-routine-for-sharmaji-namkeen-871445/index.html]
[www.thehealthsite.com/hindi/diseases-conditions/eczema/index.html]
[www.thehealthsite.com/hindi/diseases-conditions/hives/index.html]
[www.thehealthsite.com/hindi/diseases-conditions/4-ways-to-prevent-dengue-mosquito-at-home-in-hindi-910906/index.html]
[www.thehealthsite.com/hindi/diseases-conditions/dermatitis/index.html]
[www.thehealthsite.com/hindi/topics/dengue/index.html]
[www.thehealthsite.com/hindi/diseases-conditions/risk-of-lung-cancer-in-non-smokers-is-high-claims-studies-reasons-and-triggers-of-lung-cancer-in-hindi-910854/index.html]
[www.thehealthsite.com/hindi/diet/what-vegetables-is-good-and-bad-for-uric-acid-in-hindi-910810/index.html]
[www.thehealthsite.com/hindi/topics/causes-of-lung-cancer/index.html]
[www.thehealthsite.com/hindi/diseases-conditions/what-should-be-the-normal-body-temperature-of-children-in-hindi-910743/index.html]
[www.thehealthsite.com/hindi/topics/how-to-maintain-uric-acid/index.html]
[www.thehealthsite.com/hindi/photo-gallery/diet-5-possible-side-effects-of-drinking-milk-at-night-in-hindi-910970/index.html]
[www.thehealthsite.com/hindi/diseases-conditions/page/2/index.html]
[www.thehealthsite.com/hindi/topics/do-not-drink-milk-in-these-diseases/index.html]
[www.thehealthsite.com/hindi/photo-gallery/5-easy-and-best-home-remedies-for-anal-fistula-or-bhagandar-in-hindi-910905/index.html]
[www.thehealthsite.com/hindi/photo-gallery/healthy-lifestyle-habits-for-controlling-blood-pressure-levels-in-hindi-910664/index.html]
[www.thehealthsite.com/hindi/topics/fistula-ka-ilaj/index.html]
[www.thehealthsite.com/hindi/photo-gallery/diet-5-best-type-fish-to-eat-in-winters-in-hindi-910709/index.html]
[www.thehealthsite.com/hindi/topics/control-high-blood-pressure/index.html]
[www.thehealthsite.com/hindi/topics/best-fish-to-eat-in-winter/index.html]
[www.thehealthsite.com/hindi/topics/best-foods-for-health/index.html]
[www.thehealthsite.com/hindi/fitness/how-to-lose-legs-fat-in-hindi-910745/index.html]
[www.thehealthsite.com/hindi/topics/at-home-exercises/index.html]
[www.thehealthsite.com/hindi/fitness/walking-habits-that-can-increases-your-age-upto-20-years-in-hindi-909095/index.html]
[www.thehealthsite.com/hindi/photo-gallery/foods-high-in-fungal-molds-how-to-check-in-hindi-910648/index.html]
[www.thehealthsite.com/hindi/topics/health-benefits-of-walking/index.html]
[www.thehealthsite.com/hindi/fitness/anupam-kher-workout-session-latest-post-and-update-in-hindi-910491/index.html]
[www.thehealthsite.com/hindi/topics/anupam-kher-workout/index.html]
[www.thehealthsite.com/hindi/fitness/kareena-to-malaika-arora-know-their-most-popular-bollywood-fitness-trainer-in-hindi-879164/index.html]
[www.thehealthsite.com/hindi/photo-gallery/fitness-bajrang-punia-fitness-and-diet-secrets-in-hindi-830603/index.html]
[www.thehealthsite.com/hindi/topics/aishwarya-rai-bachchan/index.html]
[www.thehealthsite.com/hindi/topics/athletes/index.html]
[www.thehealthsite.com/hindi/fitness/only-two-exercise-can-help-you-get-rid-of-waist-fat-in-hindi-909264/index.html]
[www.thehealthsite.com/hindi/videos/world-lungs-day-फफड़ो-का-ख्याल-रखना-क्य-910886/index.html]
[www.thehealthsite.com/hindi/videos/reiki-know-how-to-boost-immunity-watch-video-910889/index.html]
[www.thehealthsite.com/hindi/diseases-conditions/allergies/index.html]
[www.thehealthsite.com/hindi/videos/benefits-of-flax-seeds-know-how-to-consume-flax-seeds-to-take-its-full-benefits-watch-video-910815/index.html]
[www.thehealthsite.com/hindi/topics/boost-immunity/index.html]
[www.thehealthsite.com/hindi/videos/emotional-stress-is-responsible-for-heart-attack-know-the-cause-and-treatment-of-heart-attack-from-the-doctor-watch-video-910647/index.html]
[www.thehealthsite.com/hindi/topics/benefits-of-flax-seeds/index.html]
[www.thehealthsite.com/hindi/videos/brain-health-food-for-sharp-brain-watch-video-910532/index.html]
[www.thehealthsite.com/hindi/topics/emotional-stress/index.html]
[www.thehealthsite.com/hindi/topics/brain-health/index.html]
[www.thehealthsite.com/hindi/beauty/how-to-prevent-nail-fungal-infection-in-rainy-season-in-hindi-910671/index.html]
[www.thehealthsite.com/hindi/topics/effective-home-remedies/index.html]
[www.thehealthsite.com/hindi/topics/body-temperature-in-children/index.html]
[www.thehealthsite.com/hindi/beauty/is-it-safe-to-apply-kajal-daily-in-hindi-910490/index.html]
[www.thehealthsite.com/hindi/topics/index.html]
[www.thehealthsite.com/hindi/beauty/how-do-i-use-fennel-seeds-on-my-face-in-hindi-910186/index.html]
[www.thehealthsite.com/hi/webstories/beauty/benefits-of-amla-for-hair-in-hindi-903312/index.html]
[www.thehealthsite.com/hindi/topics/amla-benefits/index.html]
[www.thehealthsite.com/hindi/beauty/how-to-do-hair-spa-at-home-step-by-step-guide-for-hair-spa-at-home-in-hindi-910099/index.html]
[www.thehealthsite.com/hindi/topics/fennel-benefits/index.html]
[www.thehealthsite.com/hindi/topics/home-made-kajal/index.html]
[www.thehealthsite.com/hindi/beauty/what-should-i-apply-on-face-at-night-naturally-in-hindi-909916/index.html]
[www.thehealthsite.com/hindi/topics/hair-care-treatment/index.html]
[www.thehealthsite.com/hindi/photo-gallery/diet-best-herbal-teas-for-weight-loss-and-fat-burning-in-hindi-910447/index.html]
[www.thehealthsite.com/hindi/topics/rose-water/index.html]
[www.thehealthsite.com/hindi/topics/benefits-of-herbal-tea/index.html]
[www.thehealthsite.com/hindi/pregnancy/3-weight-loss-tips-after-pregnancy-in-hindi-910405/index.html]
[www.thehealthsite.com/hindi/topics/5th-week-pregnancy-symptoms/index.html]
[www.thehealthsite.com/hindi/topics/morning-weight-loss-tips/index.html]
[www.thehealthsite.com/hindi/diet/know-which-salads-are-good-for-weight-loss-in-hindi-910311/index.html]
[www.thehealthsite.com/hindi/ayurveda/honey-is-a-natural-fat-burner-know-how-to-use-and-its-benefits-in-ayurveda-in-hindi-909375/index.html]
[www.thehealthsite.com/hindi/topics/ayurveda-for-weight-loss/index.html]
[www.thehealthsite.com/hindi/topics/kareena-kapoor-khan/index.html]
[www.thehealthsite.com/hindi/pregnancy/challenges-first-time-mothers-face-kareena-kapoor-khan-shares-her-experience-of-being-a-first-time-mom-in-hindi-836157/index.html]
[www.thehealthsite.com/hindi/pregnancy/kareena-kapoor-khan-stopped-caffeine-during-pregnancy-caffeine-side-effects-in-pregnancy-in-hindi-907459/index.html]
[www.thehealthsite.com/hindi/pregnancy/kareena-kapoor-khan-wanted-both-children-from-surrogacy-know-saif-reaction-in-hindi-832167/index.html]
[www.thehealthsite.com/hindi/pregnancy/vegan-foods-to-get-served-at-alia-bhatts-baby-shower-is-vegan-diet-safe-and-healthy-in-pregnancy-in-hindi-909941/index.html]
[www.thehealthsite.com/hindi/topics/kareena-kapoor/index.html]
[www.thehealthsite.com/hindi/pregnancy/alia-bhatt-working-in-third-trimester-of-pregnancy-things-pregnant-women-can-learn-from-her-in-hindi-909482/index.html]
[www.thehealthsite.com/hindi/topics/alia-bhatt-diet/index.html]
[www.thehealthsite.com/hindi/topics/alia-bhatt/index.html]
[www.thehealthsite.com/hindi/baby-names/hindu-baby-names/index.html]
[www.thehealthsite.com/hindi/baby-names/hindu-baby-names-starting-with-a/index.html]
[www.thehealthsite.com/hindi/baby-names/hindu-baby-girl-names/index.html]
[www.thehealthsite.com/hindi/baby-names/muslim-baby-names/index.html]
[www.thehealthsite.com/hindi/baby-names/hindu-baby-boy-names/index.html]
[www.thehealthsite.com/hindi/baby-names/muslim-baby-boy-names/index.html]
[www.thehealthsite.com/hindi/baby-names/muslim-baby-girl-names/index.html]
[www.thehealthsite.com/hindi/parenting/sonam-kapoor-changed-the-baby-name-trends-choose-simple-mythical-indian-baby-name-in-hindi-910040/index.html]
[www.thehealthsite.com/hindi/parenting/tips-to-increase-concentration-while-studying-in-hindi-910386/index.html]
[www.thehealthsite.com/hindi/topics/baby-name/index.html]
[www.thehealthsite.com/hindi/love-and-relationships-2/bollywood-actor-rahul-dev-opens-up-about-single-parenting-says-its-not-easy-in-hindi-910169/index.html]
[www.thehealthsite.com/hindi/topics/concentration/index.html]
[www.thehealthsite.com/hindi/photo-gallery/parenting-personality-with-first-letter-of-the-name-and-uniqueness-in-hindi-909814/index.html]
[www.thehealthsite.com/hindi/topics/bollywood-actors/index.html]
[www.thehealthsite.com/hindi/parenting/aishwarya-rai-parenting-time-how-to-be-a-friend-with-your-child-in-hindi-908447/index.html]
[www.thehealthsite.com/hindi/ayurveda/nasyam-and-other-ayurvedic-treatment-for-hair-growth-in-hindi-910878/index.html]
[www.thehealthsite.com/hindi/topics/aishwarya-rai-aaradhya-parenting/index.html]
[www.thehealthsite.com/hindi/ayurveda/these-5-home-ayurvedic-medicines-are-beneficial-for-constipation-and-piles-in-hindi-910859/index.html]
[www.thehealthsite.com/hindi/topics/first-letter-of-name-personality/index.html]
[www.thehealthsite.com/hindi/ayurveda/easy-ways-to-control-blood-sugar-level-right-way-of-consuming-ginger-in-diabetes-in-hindi-910750/index.html]
[www.thehealthsite.com/hindi/topics/control-blood-sugar-levels/index.html]
[www.thehealthsite.com/hindi/ayurveda/chewing-garlic-everyday-in-the-morning-for-hypertension-in-hindi-910720/index.html]
[www.thehealthsite.com/hindi/ayurveda/health-benefits-of-eating-garlic-and-honey-in-winters-in-hindi-910374/index.html]
[www.thehealthsite.com/hindi/topics/ayurveda-for-hair-fall/index.html]
[www.thehealthsite.com/hindi/topics/garlic-and-honey-benefits/index.html]
[www.thehealthsite.com/hindi/home-remedies/frequent-sneezing-can-cause-many-health-problems-home-remedies-to-get-rid-of-it-in-hindi-910479/index.html]
[www.thehealthsite.com/hindi/home-remedies/5-natural-ways-to-treat-fatty-liver-disease-in-hindi-910263/index.html]
[www.thehealthsite.com/hindi/topics/frequent-sneezing/index.html]
[www.thehealthsite.com/hindi/home-remedies/nakhun-pakne-par-kya-kare-or-home-remedies-toe-nails-in-hindi-910159/index.html]
[www.thehealthsite.com/hindi/topics/constipation/index.html]
[www.thehealthsite.com/hindi/home-remedies/home-remedies-for-swelling-and-pain-in-legs-in-hindi-909546/index.html]
[www.thehealthsite.com/hindi/topics/fatty-liver-diseases/index.html]
[www.thehealthsite.com/hindi/home-remedies/onion-juice-to-treat-cough-and-cold-naturally-in-hindi-909413/index.html]
[www.thehealthsite.com/hindi/topics/anti-fungals/index.html]
[cdn.taboola.com/libtrc/zeemedia-thehealthsitemarathi/loader.js]
[www.thehealthsite.com/hindi/topics/how-to-get-rid-of-swelling-legs/index.html]
[www.thehealthsite.com/marathi/diseases-conditions/index.html]
[www.thehealthsite.com/hindi/topics/benefits-of-onion-juice/index.html]
[www.thehealthsite.com/marathi/pregnancy/index.html]
[www.thehealthsite.com/marathi/fitness/index.html]
[www.thehealthsite.com/marathi/ayurveda/index.html]
[www.thehealthsite.com/marathi/news/index.html]
[www.thehealthsite.com/marathi/parenting/index.html]
[www.thehealthsite.com/marathi/home-remedies/index.html]
[www.thehealthsite.com/marathi/photo-gallery/index.html]
[www.thehealthsite.com/marathi/videos/index.html]
[www.thehealthsite.com/marathi/beauty/index.html]
[www.thehealthsite.com/marathi/diseases-conditions/make-this-changes-in-your-lifestyle-after-bariatric-surgery-in-marathi-829284/index.html]
[www.thehealthsite.com/marathi/topics/coronavirus/index.html]
[www.thehealthsite.com/marathi/fitness/health-care-tips-in-marathi-beauty-skin-skin-care-superfoods-to-stop-early-ageing-and-stay-youthful-824935/index.html]
[www.thehealthsite.com/marathi/diseases-conditions/disadvantages-of-sleeping-in-wrong-way-can-damage-nerves-what-is-best-sleeping-position-in-marathi-821973/index.html]
[www.thehealthsite.com/marathi/topics/health-care/index.html]
[www.thehealthsite.com/marathi/diseases-conditions/home-remedies-for-back-pain-do-you-suffer-from-back-pain-then-do-these-5-home-remedies-822398/index.html]
[www.thehealthsite.com/marathi/beauty/bollywood-actress-yami-gautam-beauty-secrets-homemade-facemask-in-marathi-819019/index.html]
[www.thehealthsite.com/marathi/topics/index.html]
[www.thehealthsite.com/marathi/diseases-conditions/beer-side-effects-drinking-beer-decrease-male-fertility-latest-health-news-in-marathi-839528/index.html]
[www.thehealthsite.com/marathi/news/a-pinch-of-salt-will-get-rid-of-all-the-ailments-related-to-your-skin-816658/index.html]
[www.thehealthsite.com/marathi/diseases-conditions/health-reasons-to-take-break-from-your-cell-phones-in-marathi-834612/index.html]
[www.thehealthsite.com/marathi/diet/krishna-janmashatmi-diet-tips-in-marathi-dos-and-donts-for-janmashatmi-fasting-834606/index.html]
[www.thehealthsite.com/marathi/topics/beer/index.html]
[www.thehealthsite.com/marathi/topics/krishna-janmashatmi-2021/index.html]
[www.thehealthsite.com/marathi/videos/thehealthsite-com-summit-2021-covid-19-resurgence-in-marathi-828718/index.html]
[www.thehealthsite.com/marathi/topics/bariatric-surgery/index.html]
[www.thehealthsite.com/marathi/pregnancy/bollywood-actress-kareena-kapoor-launches-her-book-pregnancy-bible-talks-about-pregnancy-journey-in-marathi-825311/index.html]
[www.thehealthsite.com/marathi/latest-articles/index.html]
[www.thehealthsite.com/marathi/topics/corona/index.html]
[www.thehealthsite.com/marathi/news/benefits-of-neem-leaves-neem-leaves-benefits-for-health-immune-system-will-be-stronger-822563/index.html]
[www.thehealthsite.com/marathi/news/covid-19-recovery-tips-follow-these-steps-to-get-rid-of-weakness-what-to-eat-what-not-to-eat-after-covid-infection-817163/index.html]
[www.thehealthsite.com/marathi/topics/arogya-tips/index.html]
[www.thehealthsite.com/marathi/news/world-no-tobacco-day-2021-how-you-can-quit-smoking-in-10-minits-know-tobacco-side-effects-on-body-816705/index.html]
[www.thehealthsite.com/marathi/news/cowin-portel-hospitals-deny-1st-dose-vaccine-to-18-as-cowin-shows-availability-for-2nd-dose-raising-confusion-815442/index.html]
[www.thehealthsite.com/marathi/news/corona-home-testing-kit-granted-by-icmr-now-you-can-self-test-covid-19-at-home-814778/index.html]
[www.thehealthsite.com/marathi/diseases-conditions/causes-of-white-fungus-in-children-in-marathi-816214/index.html]
[www.thehealthsite.com/marathi/diseases-conditions/page/2/index.html]
[www.thehealthsite.com/marathi/photo-gallery/tamannaah-bhatias-fitness-secret-beneficial-for-weight-loss-skin-care-and-health-tips-in-marathi-801898/index.html]
[www.thehealthsite.com/marathi/photo-gallery/fitness-tricks-that-could-suppress-your-yawn-n0817-514607/index.html]
[www.thehealthsite.com/marathi/topics/ayurvedic-weight-loss-tips/index.html]
[www.thehealthsite.com/marathi/topics/bad-habits/index.html]
[www.thehealthsite.com/marathi/photo-gallery/fitness-expert-tips-to-get-rid-of-stretch-marks-during-weight-loss-g0817-514124/index.html]
[www.thehealthsite.com/marathi/photo-gallery/parenting-how-you-can-perform-cpr-on-a-baby-n0817-513067/index.html]
[www.thehealthsite.com/marathi/topics/stretch-marks/index.html]
[www.thehealthsite.com/marathi/topics/cardiac-arrest/index.html]
[www.thehealthsite.com/marathi/photo-gallery/diseases-conditions-bloating-indicates-these-serious-health-conditions-n0817-512307/index.html]
[www.thehealthsite.com/marathi/topics/bloating/index.html]
[www.thehealthsite.com/marathi/photo-gallery/beauty-things-women-with-oily-skin-should-avoid-n0817-512536/index.html]
[www.thehealthsite.com/marathi/fitness/covid-19-third-wave-in-maharashtra-task-force-warning-third-wave-will-come-in-two-to-four-weeks-in-marathi-820553/index.html]
[www.thehealthsite.com/marathi/fitness/take-care-of-these-things-when-you-start-exercising-after-long-break-health-news-816018/index.html]
[www.thehealthsite.com/marathi/fitness/janhvi-kapoor-and-khushi-kapoor-spotted-cycling-in-mumbai-know-the-health-benefits-of-cycling-814264/index.html]
[www.thehealthsite.com/marathi/fitness/yoga-for-better-immunity-in-covid-19-situation-in-india-814243/index.html]
[www.thehealthsite.com/marathi/fitness/do-these-5-breathing-exercises-in-corona-period-for-heart-and-lungs-strong-813591/index.html]
[www.thehealthsite.com/marathi/videos/beauty-what-is-the-difference-between-hair-loss-and-hair-thinning-n0617-501244/index.html]
[www.thehealthsite.com/marathi/topics/beauty-tips/index.html]
[www.thehealthsite.com/marathi/videos/beauty-reasons-why-you-have-a-bad-hair-day-n0617-500909/index.html]
[www.thehealthsite.com/marathi/videos/beauty-how-to-make-natural-holi-colours-at-home-in-marathi-g0317-476954/index.html]
[www.thehealthsite.com/marathi/topics/expert-tips/index.html]
[www.thehealthsite.com/marathi/topics/health-tips-in-marathi/index.html]
[www.thehealthsite.com/marathi/videos/beauty-holi-hair-care-tips-in-marathi-n0317-476854/index.html]
[www.thehealthsite.com/marathi/topics/hair-care-in-marathi/index.html]
[www.thehealthsite.com/marathi/beauty/hair-care-tips-home-remedies-homemade-oils-for-long-and-healthy-hair-marathi-816654/index.html]
[www.thehealthsite.com/marathi/beauty/suji-face-scrub-use-in-summer-know-its-benefits-in-marathi-813925/index.html]
[www.thehealthsite.com/marathi/beauty/ayurvedic-tips-will-help-skin-glow-naturally-and-prevent-pimples-in-marathi-806236/index.html]
[www.thehealthsite.com/marathi/beauty/mushroom-face-pack-benifits-for-the-skin-make-it-this-way-in-marathi-809974/index.html]
[www.thehealthsite.com/marathi/topics/baldness/index.html]
[www.thehealthsite.com/marathi/beauty/boys-should-follow-these-grooming-tips-to-look-handsome-in-marathi-804808/index.html]
[www.thehealthsite.com/marathi/fitness/aamir-khans-son-junaid-khans-drastic-weight-loss-see-the-pics-801144/index.html]
[www.thehealthsite.com/marathi/topics/cell-phone/index.html]
[www.thehealthsite.com/marathi/fitness/why-you-need-to-add-makhanas-to-your-daily-diet-n0817-511478/index.html]
[www.thehealthsite.com/marathi/topics/gluten-free/index.html]
[www.thehealthsite.com/marathi/topics/aamir-khan/index.html]
[www.thehealthsite.com/marathi/fitness/how-to-deal-weight-fluctuation-n0717-508393/index.html]
[www.thehealthsite.com/marathi/topics/body-fat/index.html]
[www.thehealthsite.com/marathi/topics/common-query/index.html]
[www.thehealthsite.com/marathi/fitness/how-to-know-if-you-are-really-losing-weight-or-just-water-weight-r0717-505377/index.html]
[www.thehealthsite.com/marathi/pregnancy/pregnancy-mistake-do-not-drinking-this-drink-in-pregnancy-in-marathi-805341/index.html]
[www.thehealthsite.com/marathi/pregnancy/these-3-tests-for-you-are-pregnant-find-out-in-marathi-813113/index.html]
[www.thehealthsite.com/marathi/pregnancy/these-5-vegetables-should-avoid-during-pregnancy-in-marathi-810932/index.html]
[www.thehealthsite.com/marathi/pregnancy/tv-actress-anita-hassanandani-ready-for-another-baby-in-marathi-802202/index.html]
[www.thehealthsite.com/marathi/pregnancy/pregnant-women-should-not-exercise-these-5-conditions-know-the-reasons-in-marathi-803419/index.html]
[www.thehealthsite.com/marathi/parenting/parenting-tips-should-be-known-to-women-who-become-mothers-at-a-young-age-in-marathi-806458/index.html]
[www.thehealthsite.com/marathi/topics/anita-hassanandani/index.html]
[www.thehealthsite.com/marathi/news/bollywood-actress-kareena-kapoor-khan-explain-the-need-for-vaccination-in-marathi-810883/index.html]
[www.thehealthsite.com/marathi/parenting/5-foods-for-underweight-kids-to-gain-weight-health-tips-in-marathi-802460/index.html]
[www.thehealthsite.com/marathi/parenting/these-20-names-of-lord-shiva-are-very-auspicious-for-boys-here-is-the-complete-list-in-marathi-800666/index.html]
[www.thehealthsite.com/marathi/topics/baby-names/index.html]
[www.thehealthsite.com/marathi/news/what-is-catch-up-vaccination-for-child-in-marathi-2-798695/index.html]
[www.thehealthsite.com/marathi/topics/catch-up-vaccination/index.html]
[www.thehealthsite.com/marathi/parenting/why-it-is-important-to-breastfeed-the-child-right-after-birth-511579/index.html]
[www.thehealthsite.com/marathi/ayurveda/3-ayurvedic-remedies-to-get-rid-of-blackheads-in-marathi-797233/index.html]
[www.thehealthsite.com/marathi/topics/c-section/index.html]
[www.thehealthsite.com/marathi/topics/ayurvedic-beauty-tips/index.html]
[www.thehealthsite.com/topics/urinary-incontinence/index.html]
